##################################################################
#                                                                #
#                 Two-Higgs Doublet Model Output                 #
#          Produced by 2HDMC: http://2hdmc.hepforge.org          #
#                                                                #
##################################################################
Block MODSEL # Select Model
    0   10    #  10 = 2HDM
Block FMODSEL # FLHA definitions, see [arXiv:1008.0762]
    1   32    #  Model
    5    0    #  No CP-violation
Block THDM
    1    1    #  Valid parameters (1=Yes, 0=no)
    2    0    #  Tree-level unitarity (1=Yes, 0=no)
    3    0    #  Perturbativity (1=Yes, 0=no)
    4    1    #  Stability (1=Yes, 0=no)
Block SMINPUTS  # Standard Model inputs
    1        1.27934000e+02   # 1/alpha_em(MZ) SM MSbar
    2        1.16637000e-05   # G Fermi
    3        1.19000000e-01   # alpha_s(MZ) SM MSbar
    4        9.11534900e+01   # MZ
    5        4.74999659e+00   # mb(mb)
    6        1.72500000e+02   # mt (pole)
    7        1.77684000e+00   # mtau(pole)
Block GAUGE  # SM Gauge couplings
    1        3.49346490e-01   # g'
    2        6.52825313e-01   # g
    3        1.49539810e+00   # g_3
Block MINPAR    # Model parameters
# Parameters for general potential in generic basis
    3        1.10000000e+00   # tan(beta)
   11        4.26510865e+01   # lambda_1
   12        3.32567438e+01   # lambda_2
   13        4.04662122e+01   # lambda_3
   14       -3.52171673e+01   # lambda_4
   15       -4.21085773e+01   # lambda_5
   16       -8.88178420e-16   # lambda_6
   17        1.77635684e-15   # lambda_7
   18       -8.70374985e+05   # m_12^2
   20       -9.88838251e-01   # sin(beta-alpha)
   21        1.48993000e-01   # cos(beta-alpha)
   24     2                   # Yukawas Type
Block MGCKM     # CKM elements
    1     1        9.74270000e-01   # Vud
    1     2        2.25340000e-01   # Vus
    1     3        3.51000000e-03   # Vub
    2     1        2.25200000e-01   # Vcd
    2     2        9.73340000e-01   # Vcs
    2     3        4.12000000e-02   # Vcb
    3     1        8.67000000e-03   # Vtd
    3     2        4.04000000e-02   # Vts
    3     3        9.99146000e-01   # Vtb
Block MASS      #  Mass spectrum (kinematic masses)
#  PDG      Mass
     1        0.00000000e+00   # Md
     2        0.00000000e+00   # Mu
     3        1.00000000e-01   # Ms
     4        1.42000000e+00   # Mc
     5        5.10156055e+00   # Mb
     6        1.72500000e+02   # Mt
    11        5.10998918e-04   # Me
    13        1.05658367e-01   # Mmu
    15        1.77684000e+00   # Mta
    23        9.11534900e+01   # MZ
    24        8.03695100e+01   # MW
    25        1.25000000e+02   # Mh1, lightest CP-even Higgs
    35        7.13858000e+02   # Mh2, heaviest CP-even Higgs
    36        8.96745152e+02   # Mh3, CP-odd Higgs
    37        7.71529318e+02   # Mhc
Block ALPHA     # Effective Higgs mixing parameter
              2.25422777e+00   # alpha
Block UCOUPL
    1     1     0.00000000e+00   # LU_{1,1}
    1     2     0.00000000e+00   # LU_{1,2}
    1     3     0.00000000e+00   # LU_{1,3}
    2     1     0.00000000e+00   # LU_{2,1}
    2     2     9.09090909e-01   # LU_{2,2}
    2     3     0.00000000e+00   # LU_{2,3}
    3     1     0.00000000e+00   # LU_{3,1}
    3     2     0.00000000e+00   # LU_{3,2}
    3     3     9.09090909e-01   # LU_{3,3}
Block DCOUPL
    1     1     0.00000000e+00   # LD_{1,1}
    1     2     0.00000000e+00   # LD_{1,2}
    1     3     0.00000000e+00   # LD_{1,3}
    2     1     0.00000000e+00   # LD_{2,1}
    2     2    -1.10000000e+00   # LD_{2,2}
    2     3     0.00000000e+00   # LD_{2,3}
    3     1     0.00000000e+00   # LD_{3,1}
    3     2     0.00000000e+00   # LD_{3,2}
    3     3    -1.10000000e+00   # LD_{3,3}
Block LCOUPL
    1     1    -1.10000000e+00   # LL_{1,1}
    1     2     0.00000000e+00   # LL_{1,2}
    1     3     0.00000000e+00   # LL_{1,3}
    2     1     0.00000000e+00   # LL_{2,1}
    2     2    -1.10000000e+00   # LL_{2,2}
    2     3     0.00000000e+00   # LL_{2,3}
    3     1     0.00000000e+00   # LL_{3,1}
    3     2     0.00000000e+00   # LL_{3,2}
    3     3    -1.10000000e+00   # LL_{3,3}
#     PDG   Width
DECAY  6     1.33751305e+00   # top decays
#            BR          NDA    ID1   ID2
       7.54039970e-05     2      24     1
       1.63726275e-03     2      24     3
       9.98287333e-01     2      24     5
DECAY  25     5.79698077e-03   # h1 decays, lightest CP-even Higgs
#            BR          NDA    ID1   ID2
       2.21928083e-04     2       3    -3
       1.50298932e-02     2       4    -4
       7.24798016e-01     2       5    -5
       4.91038111e-09     2      11   -11
       2.09933219e-04     2      13   -13
       5.92986975e-02     2      15   -15
       1.11498782e-03     2      22    22
       1.77911576e-02     2      23    23
       1.42424431e-01     2      24   -24
       9.18538519e-04     2      23    22
       3.81924124e-02     2      21    21
DECAY  35     2.99120033e+02   # h2 decays, heaviest CP-even Higgs
#            BR          NDA    ID1   ID2
       1.12217541e-08     2       3    -3
       1.82692276e-06     2       4    -4
       3.84256061e-05     2       5    -5
       1.03017235e-01     2       6    -6
       1.54087028e-08     2      13   -13
       4.35751458e-06     2      15   -15
       4.42519441e-07     2      22    22
       3.93528642e-03     2      23    23
       8.05594797e-03     2      24   -24
       6.60306444e-08     2      23    22
       2.08226357e-04     2      21    21
       8.84738159e-01     2      25    25
DECAY  36     5.22315753e+01   # h3 decays, CP-odd Higgs
#            BR          NDA    ID1   ID2
       1.14407569e-07     2       3    -3
       9.62521796e-06     2       4    -4
       3.74710025e-04     2       5    -5
       6.93900675e-01     2       6    -6
       3.56018629e-12     2      11   -11
       1.52209072e-07     2      13   -13
       4.30453255e-05     2      15   -15
       4.12035491e-06     2      22    22
       1.38766690e-06     2      23    22
       1.36795050e-03     2      21    21
       9.17412693e-02     2      23    25
       1.41183187e-01     2      23    35
       3.56868818e-02     2      24   -37
       3.56868818e-02     2      37   -24
DECAY  37     3.15952901e+01   # Charged Higgs decays
#            BR          NDA    ID1   ID2
       8.00995654e-09     2       2    -3
       6.51214349e-09     2       2    -5
       6.80296179e-07     2       4    -1
       1.28578288e-05     2       4    -3
       9.19985361e-07     2       4    -5
       6.76331405e-05     2       6    -1
       1.46853439e-03     2       6    -3
       9.03993658e-01     2       6    -5
       5.06368751e-12     2     -11    12
       2.16488438e-07     2     -13    14
       6.12236156e-05     2     -15    16
       9.43605055e-02     2      24    25
       3.37558795e-05     2      24    35
#
