# Date: 05.05.2019 at 13:44:34                     #
# For the reconstructed input file, check below.   #
#--------------------------------------------------#
# Please cite the following papers (for this run):
# Harlander:2012pb    
# Harlander:2016hcx   
# Harlander:2002wh    
# Harlander:2003ai    
# Aglietti:2004nj     
# Bonciani:2010ms     
# Eriksson:2009ws     
# Harlander:2005rq    
# Chetyrkin:2000yt    
#--------------------------------------------------#
Block SUSHIinfo
         1   1.6.1        # SusHi version
         5   1.7.0        # 2HDMC version
Block SUSHIggh # Bon appetit 
         1     2.45144711E-01   # ggh XS in pb                      
       101     8.58276271E-04   # +/- integ. error: ggh XS in pb                      
       102    -9.62115916E-03   # - from muR variation: ggh XS in pb                      
       103     3.93921406E-03   # + from muR variation: ggh XS in pb                      
# within [  0.50000000E+00,  0.20000000E+01]*SCALES(1)*MASSOUT(1).
Block SUSHIbbh # Bon appetit 
         1     2.66523816E-04   # bbh XS in pb                  
       101     3.82172973E-08   # +/- integr. error: bbh XS in pb                  
Block XSGGH # ggh xsec in pb (w/o EW) (+/- integ.err.)
         1     1.24606505E-01   # LO w/ NLO PDFs
         2     2.02823013E-01   # NLO
        21     2.11510206E-01   # NLO gg
        22    -8.69891770E-03   # NLO qg
        23     1.17242909E-05   # NLO qq
       101     6.99110759E-08   # +/-: LO w/ NLO PDFs
       102     1.85259525E-05   # +/-: NLO
       121     1.33810665E-05   # +/-: NLO gg
       122     1.28124046E-05   # +/-: NLO qg
       123     1.62116398E-08   # +/-: NLO qq
Block XSGGHEFF # ggh xsec in heavy top limit (from ggh@nnlo) (+/- integ.err.)
         1     2.33536062E-01   # NLO
       101     3.02055041E-05   # +/-: NLO
        19     2.32842158E-01   # NLO'
       191     2.89225811E-05   # +/-: NLO'
         2     2.75857760E-01   # NNLO
       102     8.57544502E-04   # +/-: NNLO
         4     0.00000000E+00   # electroweak factor
Block XSBBH # bbh xsec in pb (+/- integ.err.)
         1     2.51073282E-04   # LO
       101     1.57905962E-09   # +/-: LO
         2     2.46083328E-04   # NLO
       102     1.33821747E-09   # +/-: NLO
         3     2.66523816E-04   # NNLO
       103     3.82172973E-08   # +/-: NNLO
Block HGGSUSY # couplings of 1.  CP-odd H to 3. gen.
       101     9.09090909E-01   # g_t^phi
       201     1.10000000E+00   # g_b^phi
Block BBHREWEIGHT # top and bottom reweighting factors
         1     9.09090909E-01   # g_t
         2     1.10000000E+00   # g_b
Block MASSOUT
         1     8.96745152E+02   # Mphi in GeV
         5     4.75000000E+00   # m_b(m_b), MSbar
         6     1.72500000E+02   # m_t(pole)
        23     9.11534900E+01   # m_Z
        24     8.03912615E+01   # m_W
        36     8.96745152E+02   # 1.  CP-odd Higgs mass in GeV
Block 2HDMCOUT # 2HDMC results for
         1    1   # stability, 0=failed, 1=ok
         2    0   # perturbativity, 0=failed, 1=ok
         3    0   # unitarity, 0=failed, 1=ok
         7     5.79698077E-03   # h width in GeV
         8     2.99120033E+02   # H width in GeV
         9     5.22315753E+01   # A width in GeV
Block INTERNALMASSES # Masses in GeV
        50     4.75000000E+00   # m_b(m_b), MSbar
        51     2.93243657E+00   # m_b(mu_R) MSbar
        52     4.75000000E+00   # m_b(pole)
        53     4.75000000E+00   # m_b used for internal masses
        54     4.75000000E+00   # m_b for bottom Yukawa
Block ALPHASOUT # values from LHAPDF set
         2     9.65205073E-02   # alpha_s(muRggh) @ NLO
        11     8.78611463E-02   # alpha_s(muRbbh)
         3     9.52042594E-02   # alpha_s(muRggh) @ NNLO
       101     1.35008398E-01   # alpha_s(Mz) @ LO  
       102     1.20006952E-01   # alpha_s(Mz) @ NLO 
       103     1.20006952E-01   # alpha_s(Mz) @ NNLO
#--------------------------------------------------#
# Reconstructed input file of this run             #
#--------------------------------------------------#
Block SUSHI
         1      2   # Chosen model: 0=SM, 1=MSSM, 2=2HDM, 3=NMSSM
         2     21   # 11=h, 12=H, 21=A              
         3      0   # Particle collider: 0=pp, 1=ppbar
         4     1.30000000E+04   # center-of-mass energy in GeV
         5      2   # Order for ggh
         6      2   # Order for bbh
         7      1   # Electroweak contributions to ggh
        11      1   # [1/0] do/not expand C1 perturbatively
        19      0   # 0 = silent mode of SusHi, 1 = normal output
        20      0   # ggh@nnlo subprocesses: 0=all, 10=ind. contributions
        21      0   # bbh@nnlo subprocesses: 0=all
Block GGHMT
        -1      3   # factor out exact LO result at LO(=0)/NLO(=1)/etc.
         0     -1   # expand through 1/mt^n at LO [-1=exact]
         1      0   # expand through 1/mt^n at NLO
        11      0   # expand gg through 1/mt^n at NLO
        12      0   # expand qg through 1/mt^n at NLO
        13      0   # expand qqbar through 1/mt^n at NLO
         2      0   # expand through 1/mt^n at NNLO
        21      0   # expand gg through 1/mt^n at NNLO
        22      0   # expand qg through 1/mt^n at NNLO
        23      0   # expand qqbar through 1/mt^n at NNLO
        24      0   # expand qq through 1/mt^n at NNLO
        25      0   # expand qqprime through 1/mt^n at NNLO
        10      0   # [0/1]: do not/match to high energy limit at NLO
        20      0   # [0/1]: do not/match to high energy limit at NNLO
        30      0   # [0/1]: do not/match to high energy limit at N3LO
Block GGHSOFT # parameters for soft expansion
         1    0  0  0   # NLO: [0/1=n/y] [order] sig(x)/x^[n]
         2    0  0  0   # NNLO: [0/1=n/y] [order] sig(x)/x^[n]
Block 2HDMC
         1      4   # parametrization of 2HDM
         2      2   # 2HDM type
        10      0   # [0/1] ignore validity checks [yes/no]
         3     1.10000000E+00   # tan(beta)
        31     1.25000000E+02   # mh
        32     7.13858000E+02   # mH
        33    -1.48993000E-01   # cos(beta-alpha)
        34     1.85180000E+00   # Z4
        35    -5.03961000E+00   # Z5
        36    -5.87636000E+00   # Z7
Block SMINPUTS
         1     1.27934000E+02   # 1/alpha_em(MZ) SM MSbar
         2     1.16637000E-05   # G_F
         3     1.19000000E-01   # alpha_s(m_Z)
         4     9.11534900E+01   # m_Z(pole)
         5     4.75000000E+00   # m_b(m_b)
         6     1.72500000E+02   # m_t(pole)
Block DISTRIB
         1      0   # total XS                      
Block SCALES
         1     5.00000000E-01   # Renormalization scale muR/mh
         2     5.00000000E-01   # Factorization scale muF/mh
       101     5.00E-01  2.00E+00   # min and max for muR scale uncertainty around SCALES(1)
       102     1.00E-01  1.00E+01   100   # min/max/steps for table output of muR variation
        11     1.00000000E+00   # Renormalization scale muR/mh for bbh
        12     2.50000000E-01   # Factorization scale muF/mh for bbh
Block RENORMBOT
         1      0   # mb used for bottom Yukawa
         4     4.75000000E+00   # Fixed m_b(pole) in GeV
Block PDFSPEC
         1   MMHT2014lo68cl.LHgrid                           # LO   PDF set
        11      0   # LO   PDF set number
         2   MMHT2014nlo68cl.LHgrid                          # NLO  PDF set
        12      0   # NLO  PDF set number
         3   MMHT2014nnlo68cl.LHgrid                         # NNLO PDF set
        13      0   # NNLO PDF set number
Block VEGAS
# parameters for NLO SusHi
         1    10000   # Number of points
         2        5   # Number of iterations
         3        0   # Output format of VEGAS integration
# parameters for ggh@nnlo:
         4     2000   # Number of points
         5        5   # Number of iterations
        14     5000   # Number of points in second run
        15        2   # Number of iterations in second run
         6        0   # Output format of VEGAS integration
# parameters for bbh@nnlo:
         7     2000   # Number of points
         8        5   # Number of iterations
        17     5000   # Number of points in second run
        18        2   # Number of iterations in second run
         9        0   # Output format of VEGAS integration
Block FACTORS
         1     0.00000000E+00   # Factor multiplied with Yukawa of c quark
         2     1.00000000E+00   # t quark
         3     1.00000000E+00   # b quark
#--------------------------------------------------#
# End of SusHi output                              #
#--------------------------------------------------#
